{
  "__type__": "Tuple",
  "Item1": 42,
  "Item2": 424242424242
}