[
  {
    "__type__": "type",
    "Name": "s32"
  },
  {
    "__type__": "type",
    "Name": "BTDBTest.SerializationTests.AllSupportedTypes"
  }
]