{
  "__type__": "BTDBTest.SerializationTests.AllSupportedTypes",
  "Str": "Hello",
  "Bool": true,
  "Int8": 42,
  "Int16": 1234,
  "Int32": 12345678,
  "Int64": 9223372036854775807,
  "UInt8": 42,
  "UInt16": 1234,
  "UInt32": 12345678,
  "UInt64": 18446744073709551615,
  "DateTime": "2024-02-11T14:04:30.0000000",
  "Guid": "9e251065-0873-49bc-8fd9-266cc9aa39d3",
  "Float16": 3.140625,
  "Float32": 3.140000104904175,
  "Float64": 3.141592653589793,
  "Self": {
    "__type__": "BTDBTest.SerializationTests.AllSupportedTypes",
    "Str": null,
    "Bool": false,
    "Int8": 0,
    "Int16": 0,
    "Int32": 0,
    "Int64": 0,
    "UInt8": 0,
    "UInt16": 0,
    "UInt32": 0,
    "UInt64": 0,
    "DateTime": "0001-01-01T00:00:00.0000000",
    "Guid": "00000000-0000-0000-0000-000000000000",
    "Float16": 0,
    "Float32": 0,
    "Float64": 0,
    "Self": null
  }
}