[
  [
    "a",
    "A"
  ],
  [
    2,
    4
  ]
]