{
  "a": [
    null,
    {
      "b": 12.34
    }
  ],
  "b": "last"
}