{
  "__type__": "MyKlass",
  "a": null,
  "b": "last"
}