Relation IRelationWithSecrets
Used key: 03 01|01 Value len:74
BeginKey
StartField Id
ScalarObj 1
ScalarStr 1
EndField
EndKey
BeginValue
StartField Name
ScalarStr Encrypted[40]
EndField
StartField Code
ScalarStr Encrypted[33]
EndField
EndValue
EndRelation
