Relation IRelationWithReusedObjects
Used key: 03 01|01 Value len:19
BeginKey
StartField Id
ScalarObj 1
ScalarStr 1
EndField
EndKey
BeginValue
StartField Blobs
StartList
StartItem
Inline ref -2
Used key: 00 00|01 Value len:5
Used key: 00 01|01 01 Value len:14
StartInlineObject 1-Blob-1
StartField Name
ScalarObj 
ScalarStr null
EndField
EndInlineObject
EndItem
StartItem
Inline back ref -2
EndItem
EndList
EndField
StartField BlobsIDict
StartDictionary
Used key: 02 00|7F 01 01 00 Value len:4
StartDictKey
StartInlineObject 1-Blob-1
StartField Name
ScalarObj 
ScalarStr null
EndField
EndInlineObject
EndDictKey
StartDictValue
StartInlineObject 1-Blob-1
StartField Name
ScalarObj 
ScalarStr null
EndField
EndInlineObject
EndDictValue
Used key: 02 00|7F 01 01 02 41 Value len:4
StartDictKey
StartInlineObject 1-Blob-1
StartField Name
ScalarObj A
ScalarStr A
EndField
EndInlineObject
EndDictKey
StartDictValue
StartInlineObject 1-Blob-1
StartField Name
ScalarObj 
ScalarStr null
EndField
EndInlineObject
EndDictValue
EndDictionary
EndField
StartField BlobsDict
StartDictionary
StartDictKey
Inline back ref -2
EndDictKey
StartDictValue
Inline back ref -2
EndDictValue
StartDictKey
Inline ref -4
StartInlineObject 1-Blob-1
StartField Name
ScalarObj A
ScalarStr A
EndField
EndInlineObject
EndDictKey
StartDictValue
Inline back ref -2
EndDictValue
EndDictionary
EndField
EndValue
EndRelation
