Relation IterateNullableValues
Used key: 03 01 80 Value len:4
BeginKey
StartField Id
ScalarObj 0
ScalarStr 0
EndField
EndKey
BeginValue
StartField FieldInt
ScalarObj 10
ScalarStr 10
EndField
StartField FieldIntEmpty
ScalarStr null
EndField
EndValue
EndRelation
