Singleton 1-VariousFieldTypes oid:1
Used key: 00 00|01 Value len:18
Used key: 00 02|01 Value len:1
Used key: 01|01 Value len:88
Used key: 00 01|01 01 Value len:469
Object oid:1 1-VariousFieldTypes version:1
StartField StringField
ScalarObj Text
ScalarStr Text
EndField
StartField SByteField
ScalarObj -10
ScalarStr -10
EndField
StartField ByteField
ScalarObj 10
ScalarStr 10
EndField
StartField ShortField
ScalarObj -1000
ScalarStr -1000
EndField
StartField UShortField
ScalarObj 1000
ScalarStr 1000
EndField
StartField IntField
ScalarObj -100000
ScalarStr -100000
EndField
StartField UIntField
ScalarObj 100000
ScalarStr 100000
EndField
StartField LongField
ScalarObj -1000000000000
ScalarStr -1000000000000
EndField
StartField ULongField
ScalarObj 1000000000000
ScalarStr 1000000000000
EndField
StartField DbObjectField
OidReference 1
EndField
StartField VariousFieldTypesField
OidReference 1
EndField
StartField BoolField
ScalarObj True
ScalarStr True
EndField
StartField DoubleField
ScalarObj 12.34
ScalarStr 12,34
EndField
StartField FloatField
ScalarObj -12.34
ScalarStr -12,34
EndField
StartField DecimalField
ScalarObj 123456.789
ScalarStr 123456,789
EndField
StartField GuidField
ScalarObj 39aabab2-9971-4113-9998-a30fc7d5606a
ScalarStr 39aabab2-9971-4113-9998-a30fc7d5606a
EndField
StartField DateTimeField
ScalarObj 01/01/2000 12:34:56
ScalarStr 1. 1. 2000 12:34:56
EndField
StartField TimeSpanField
ScalarObj 1.02:03:04
ScalarStr 1.02:03:04
EndField
StartField EnumField
ScalarObj Item2
ScalarStr Item2
EndField
StartField ByteArrayField
ScalarObj System.Byte[]
ScalarStr System.Byte[]
EndField
StartField ByteBufferField
ScalarObj System.Byte[]
ScalarStr System.Byte[]
EndField
EndObject
