Relation DoubleRefsRelation
Used key: 03 01|01 Value len:6
BeginKey
StartField Id
ScalarObj 1
ScalarStr 1
EndField
EndKey
BeginValue
StartField R1
Inline ref -1
Used key: 00 00|01 Value len:6
Used key: 00 01|01 01 Value len:14
StartInlineObject 1-Rule1-1
StartField Name
ScalarObj 
ScalarStr null
EndField
EndInlineObject
EndField
StartField R2
Inline back ref -1
EndField
EndValue
Used key: 03 01|02 Value len:9
BeginKey
StartField Id
ScalarObj 2
ScalarStr 2
EndField
EndKey
BeginValue
StartField R1
Inline ref -1
StartInlineObject 1-Rule1-1
StartField Name
ScalarObj 
ScalarStr null
EndField
EndInlineObject
EndField
StartField R2
Inline ref -2
StartInlineObject 1-Rule1-1
StartField Name
ScalarObj 
ScalarStr null
EndField
EndInlineObject
EndField
EndValue
EndRelation
