Relation SimpleDutyRelation
Used key: 03 01|01 Value len:15
BeginKey
StartField Id
ScalarObj 1
ScalarStr 1
EndField
EndKey
BeginValue
StartField Name
ScalarObj HardCore Code
ScalarStr HardCore Code
EndField
EndValue
EndRelation
