Singleton 1-JobMap oid:1
Used key: 00 00|01 Value len:7
Used key: 00 02|01 Value len:1
Used key: 01|01 Value len:3
Used key: 00 01|01 01 Value len:43
Object oid:1 1-JobMap version:1
StartField Jobs
StartDictionary
Used key: 02 00|01 Value len:20
StartDictKey
ScalarObj 1
ScalarStr 1
EndDictKey
StartDictValue
Used key: 00 00|02 Value len:4
Used key: 00 01|02 01 Value len:19
StartInlineObject 2-Job-1
StartField Duty
Inline ref -1
Used key: 00 00|03 Value len:5
Used key: 00 01|03 01 Value len:14
StartInlineObject 3-Duty-1
StartField Name
ScalarObj HardCore Code
ScalarStr HardCore Code
EndField
EndInlineObject
EndField
EndInlineObject
EndDictValue
EndDictionary
EndField
EndObject
