BasicTypes[0] = String
BasicTypes[1] = UInt8
BasicTypes[2] = Int8
BasicTypes[3] = VInt16
BasicTypes[4] = VUInt16
BasicTypes[5] = VInt32
BasicTypes[6] = VUInt32
BasicTypes[7] = VInt64
BasicTypes[8] = VUInt64
BasicTypes[9] = Bool
BasicTypes[10] = Single
BasicTypes[11] = Double
BasicTypes[12] = Decimal
BasicTypes[13] = DateTime
BasicTypes[14] = TimeSpan
BasicTypes[15] = Guid
BasicTypes[16] = Byte[]
BasicTypes[17] = IPAddress
