String
VInt32
VUInt32
UInt8
Int8
VInt16
VUInt16
VInt64
VUInt64
Double
Decimal
DateTime
TimeSpan
Guid
Byte[]
Byte[]
Bool